// Vitest Snapshot v1, https://vitest.dev/guide/snapshot.html

exports[`GifGrid Component > should match snapshot 1`] = `
<div>
  <h3>
    Dragon Ball
  </h3>
  <p>
    Loading...
  </p>
  <div
    class="gif-grid"
  />
</div>
`;
